******************************************************************************
             TMS320C2000 Linker PC v16.9.1                     
******************************************************************************
>> Linked Sun May 07 16:20:44 2017

OUTPUT FILE NAME:   <TheRQMProject.out>
ENTRY POINT SYMBOL: "_c_int00"  address: 00009942


MEMORY CONFIGURATION

         name            origin    length      used     unused   attr    fill
----------------------  --------  ---------  --------  --------  ----  --------
PAGE 0:
  BEGIN                 00000000   00000002  00000000  00000002  RWIX
  RAMM0                 00000050   000003b0  0000004c  00000364  RWIX
  RAML0                 00008000   00001000  00000156  00000eaa  RWIX
  RAML1                 00009000   00001000  00000a3a  000005c6  RWIX
  RAML2                 0000a000   00001000  00000000  00001000  RWIX
  RAML3                 0000b000   00001000  00000000  00001000  RWIX
  ZONE7A                00200000   0000fc00  00000000  0000fc00  RWIX
  CSM_RSVD              0033ff80   00000076  00000000  00000076  RWIX
  CSM_PWL               0033fff8   00000008  00000000  00000008  RWIX
  ADC_CAL               00380080   00000009  00000000  00000009  RWIX
  IQTABLES              003fe000   00000b50  00000000  00000b50  RWIX
  IQTABLES2             003feb50   0000008c  00000000  0000008c  RWIX
  FPUTABLES             003febdc   000006a0  00000000  000006a0  RWIX
  BOOTROM               003ff27c   00000d44  00000000  00000d44  RWIX
  RESET                 003fffc0   00000002  00000000  00000002  RWIX

PAGE 1:
  BOOT_RSVD             00000002   0000004e  00000000  0000004e  RWIX
  RAMM1                 00000400   00000400  00000300  00000100  RWIX
  DEV_EMU               00000880   00000180  000000d0  000000b0  RWIX
  FLASH_REGS            00000a80   00000060  00000008  00000058  RWIX
  CSM                   00000ae0   00000010  00000000  00000010  RWIX
  ADC_MIRROR            00000b00   00000010  00000000  00000010  RWIX
  XINTF                 00000b20   00000020  0000001e  00000002  RWIX
  CPU_TIMER0            00000c00   00000008  00000008  00000000  RWIX
  CPU_TIMER1            00000c08   00000008  00000008  00000000  RWIX
  CPU_TIMER2            00000c10   00000008  00000008  00000000  RWIX
  PIE_CTRL              00000ce0   00000020  0000001a  00000006  RWIX
  PIE_VECT              00000d00   00000100  00000100  00000000  RWIX
  DMA                   00001000   00000200  00000000  00000200  RWIX
  MCBSPA                00005000   00000040  00000000  00000040  RWIX
  MCBSPB                00005040   00000040  00000000  00000040  RWIX
  ECANA                 00006000   00000040  00000000  00000040  RWIX
  ECANA_LAM             00006040   00000040  00000000  00000040  RWIX
  ECANA_MOTS            00006080   00000040  00000000  00000040  RWIX
  ECANA_MOTO            000060c0   00000040  00000000  00000040  RWIX
  ECANA_MBOX            00006100   00000100  00000000  00000100  RWIX
  ECANB                 00006200   00000040  00000000  00000040  RWIX
  ECANB_LAM             00006240   00000040  00000000  00000040  RWIX
  ECANB_MOTS            00006280   00000040  00000000  00000040  RWIX
  ECANB_MOTO            000062c0   00000040  00000000  00000040  RWIX
  ECANB_MBOX            00006300   00000100  00000000  00000100  RWIX
  EPWM1                 00006800   00000022  00000000  00000022  RWIX
  EPWM2                 00006840   00000022  00000000  00000022  RWIX
  EPWM3                 00006880   00000022  00000000  00000022  RWIX
  EPWM4                 000068c0   00000022  00000000  00000022  RWIX
  EPWM5                 00006900   00000022  00000000  00000022  RWIX
  EPWM6                 00006940   00000022  00000000  00000022  RWIX
  ECAP1                 00006a00   00000020  00000000  00000020  RWIX
  ECAP2                 00006a20   00000020  00000000  00000020  RWIX
  ECAP3                 00006a40   00000020  00000000  00000020  RWIX
  ECAP4                 00006a60   00000020  00000000  00000020  RWIX
  ECAP5                 00006a80   00000020  00000000  00000020  RWIX
  ECAP6                 00006aa0   00000020  00000000  00000020  RWIX
  EQEP1                 00006b00   00000040  00000000  00000040  RWIX
  EQEP2                 00006b40   00000040  00000000  00000040  RWIX
  GPIOCTRL              00006f80   00000040  0000002e  00000012  RWIX
  GPIODAT               00006fc0   00000020  00000020  00000000  RWIX
  GPIOINT               00006fe0   00000020  0000000a  00000016  RWIX
  SYSTEM                00007010   00000020  00000020  00000000  RWIX
  SPIA                  00007040   00000010  00000000  00000010  RWIX
  SCIA                  00007050   00000010  00000000  00000010  RWIX
  XINTRUPT              00007070   00000010  00000010  00000000  RWIX
  ADC                   00007100   00000020  00000000  00000020  RWIX
  SCIB                  00007750   00000010  00000000  00000010  RWIX
  SCIC                  00007770   00000010  00000000  00000010  RWIX
  I2CA                  00007900   00000040  00000022  0000001e  RWIX
  RAML4                 0000c000   00001000  00000d54  000002ac  RWIX
  RAML5                 0000d000   00001000  0000016a  00000e96  RWIX
  RAML6                 0000e000   00001000  00000000  00001000  RWIX
  RAML7                 0000f000   00001000  00000000  00001000  RWIX
  ZONE7B                0020fc00   00000400  00000000  00000400  RWIX
  CSM_PWL               0033fff8   00000008  00000000  00000008  RWIX
  PARTID                00380090   00000001  00000000  00000001  RWIX


SECTION ALLOCATION MAP

 output                                  attributes/
section   page    origin      length       input sections
--------  ----  ----------  ----------   ----------------
.cinit     0    00008000    00000156     
                  00008000    000000eb     ISO2631_All_GenerationTemplate_data.obj (.cinit)
                  000080eb    0000002c     Main.obj (.cinit)
                  00008117    00000021     ISO2631_All_GenerationTemplate.obj (.cinit)
                  00008138    0000000e     rts2800_fpu32.lib : exit.obj (.cinit)
                  00008146    00000005                       : _lock.obj (.cinit:__lock)
                  0000814b    00000005                       : _lock.obj (.cinit:__unlock)
                  00008150    00000004     UserTasks.obj (.cinit)
                  00008154    00000002     --HOLE-- [fill = 0]

.text      0    00009000    00000a3a     
                  00009000    00000253     Main.obj (.text)
                  00009253    00000179     InitHW.obj (.text)
                  000093cc    00000170     Task.obj (.text)
                  0000953c    0000016d     Alarm.obj (.text)
                  000096a9    00000097     Schedule.obj (.text)
                  00009740    00000090     ADXL345.obj (.text)
                  000097d0    00000088     rts2800_fpu32.lib : fs_div28.obj (.text)
                  00009858    00000084     UserTasks.obj (.text)
                  000098dc    00000066     Counter.obj (.text)
                  00009942    00000056     rts2800_fpu32.lib : boot28.obj (.text)
                  00009998    00000029                       : exit.obj (.text)
                  000099c1    00000024                       : cpy_tbl.obj (.text)
                  000099e5    0000001e                       : memcpy.obj (.text)
                  00009a03    00000019                       : args_main.obj (.text)
                  00009a1c    00000012     DefaultInt.obj (.text:retain)
                  00009a2e    00000009     rts2800_fpu32.lib : _lock.obj (.text)
                  00009a37    00000002                       : pre_init.obj (.text)
                  00009a39    00000001                       : startup.obj (.text)

.pinit     0    00008000    00000000     UNINITIALIZED

.stack     1    00000400    00000300     UNINITIALIZED
                  00000400    00000300     --HOLE--

DevEmuRegsFile 
*          1    00000880    000000d0     UNINITIALIZED
                  00000880    000000d0     DSP2833x_GlobalVariableDefs.obj (DevEmuRegsFile)

FlashRegsFile 
*          1    00000a80    00000008     UNINITIALIZED
                  00000a80    00000008     DSP2833x_GlobalVariableDefs.obj (FlashRegsFile)

XintfRegsFile 
*          1    00000b20    0000001e     UNINITIALIZED
                  00000b20    0000001e     DSP2833x_GlobalVariableDefs.obj (XintfRegsFile)

CpuTimer0RegsFile 
*          1    00000c00    00000008     UNINITIALIZED
                  00000c00    00000008     DSP2833x_GlobalVariableDefs.obj (CpuTimer0RegsFile)

CpuTimer1RegsFile 
*          1    00000c08    00000008     UNINITIALIZED
                  00000c08    00000008     DSP2833x_GlobalVariableDefs.obj (CpuTimer1RegsFile)

CpuTimer2RegsFile 
*          1    00000c10    00000008     UNINITIALIZED
                  00000c10    00000008     DSP2833x_GlobalVariableDefs.obj (CpuTimer2RegsFile)

PieCtrlRegsFile 
*          1    00000ce0    0000001a     UNINITIALIZED
                  00000ce0    0000001a     DSP2833x_GlobalVariableDefs.obj (PieCtrlRegsFile)

PieVectTableFile 
*          1    00000d00    00000100     UNINITIALIZED
                  00000d00    00000100     DSP2833x_GlobalVariableDefs.obj (PieVectTableFile)

.ebss      1    0000c000    00000d54     UNINITIALIZED
                  0000c000    00000bc0     Main.obj (.ebss)
                  0000cbc0    000000e8     ISO2631_All_GenerationTemplate_data.obj (.ebss)
                  0000cca8    0000000a     UserTasks.obj (.ebss)
                  0000ccb2    00000008     InitHW.obj (.ebss)
                  0000ccba    00000006     rts2800_fpu32.lib : exit.obj (.ebss)
                  0000ccc0    00000090     ISO2631_All_GenerationTemplate.obj (.ebss)
                  0000cd50    00000002     rts2800_fpu32.lib : _lock.obj (.ebss:__lock)
                  0000cd52    00000002                       : _lock.obj (.ebss:__unlock)

.econst    1    0000d000    0000016a     
                  0000d000    00000100     DefaultInt.obj (.econst:_PieVectTableInit)
                  0000d100    00000030     Main.obj (.econst:_TasksConst)
                  0000d130    00000010     Main.obj (.econst:_ReadyConst)
                  0000d140    0000000c     Main.obj (.econst:_AlarmsConst)
                  0000d14c    0000000c     Main.obj (.econst:_AutoStartAlarm)
                  0000d158    0000000a     Main.obj (.econst:_CountersConst)
                  0000d162    00000004     Main.obj (.econst:_AutoStart)
                  0000d166    00000002     Main.obj (.econst:.string:_AutoStartReadyList)
                  0000d168    00000002     Main.obj (.econst:.string:_COUNTER_SYS_LIST)

.reset     0    003fffc0    00000002     DSECT
                  003fffc0    00000002     rts2800_fpu32.lib : boot28.obj (.reset)

csm_rsvd   0    0033ff80    00000000     DSECT

csmpasswds 
*          0    0033fff8    00000000     DSECT

GpioCtrlRegsFile 
*          1    00006f80    0000002e     UNINITIALIZED
                  00006f80    0000002e     DSP2833x_GlobalVariableDefs.obj (GpioCtrlRegsFile)

GpioDataRegsFile 
*          1    00006fc0    00000020     UNINITIALIZED
                  00006fc0    00000020     DSP2833x_GlobalVariableDefs.obj (GpioDataRegsFile)

GpioIntRegsFile 
*          1    00006fe0    0000000a     UNINITIALIZED
                  00006fe0    0000000a     DSP2833x_GlobalVariableDefs.obj (GpioIntRegsFile)

SysCtrlRegsFile 
*          1    00007010    00000020     UNINITIALIZED
                  00007010    00000020     DSP2833x_GlobalVariableDefs.obj (SysCtrlRegsFile)

XIntruptRegsFile 
*          1    00007070    00000010     UNINITIALIZED
                  00007070    00000010     DSP2833x_GlobalVariableDefs.obj (XIntruptRegsFile)

I2caRegsFile 
*          1    00007900    00000022     UNINITIALIZED
                  00007900    00000022     ADXL345.obj (I2caRegsFile)

ramfuncs   0    00000050    0000004c     
                  00000050    0000004c     MyISR.obj (ramfuncs)

MODULE SUMMARY

       Module                                    code   initialized data   uninitialized data
       ------                                    ----   ----------------   ------------------
    .\
       Main.obj                                  595    150                3008              
       DSP2833x_GlobalVariableDefs.obj           0      0                  688               
       ISO2631_All_GenerationTemplate_data.obj   0      235                232               
       InitHW.obj                                377    0                  8                 
       Task.obj                                  368    0                  0                 
       Alarm.obj                                 365    0                  0                 
       DefaultInt.obj                            18     256                0                 
       ADXL345.obj                               144    0                  34                
       ISO2631_All_GenerationTemplate.obj        0      33                 144               
       Schedule.obj                              151    0                  0                 
       UserTasks.obj                             132    4                  10                
       Counter.obj                               102    0                  0                 
       MyISR.obj                                 76     0                  0                 
    +--+-----------------------------------------+------+------------------+--------------------+
       Total:                                    2328   678                4124              
                                                                                             
    C:\ti\ccsv7\tools\compiler\ti-cgt-c2000_16.9.1.LTS\lib\rts2800_fpu32.lib
       fs_div28.obj                              136    0                  0                 
       boot28.obj                                86     0                  0                 
       exit.obj                                  41     14                 6                 
       cpy_tbl.obj                               36     0                  0                 
       memcpy.obj                                30     0                  0                 
       args_main.obj                             25     0                  0                 
       _lock.obj                                 9      10                 4                 
       pre_init.obj                              2      0                  0                 
       startup.obj                               1      0                  0                 
    +--+-----------------------------------------+------+------------------+--------------------+
       Total:                                    366    24                 10                
                                                                                             
       Stack:                                    0      0                  768               
    +--+-----------------------------------------+------+------------------+--------------------+
       Grand Total:                              2694   702                4902              


GLOBAL DATA SYMBOLS: SORTED BY DATA PAGE

address     data page           name
--------    ----------------    ----
00000400      10 (00000400)     __stack

00000880      22 (00000880)     _DevEmuRegs

00000a80      2a (00000a80)     _FlashRegs

00000b20      2c (00000b00)     _XintfRegs

00000c00      30 (00000c00)     _CpuTimer0Regs
00000c08      30 (00000c00)     _CpuTimer1Regs
00000c10      30 (00000c00)     _CpuTimer2Regs

00000ce0      33 (00000cc0)     _PieCtrlRegs

00000d00      34 (00000d00)     _PieVectTable

00006f80     1be (00006f80)     _GpioCtrlRegs

00006fc0     1bf (00006fc0)     _GpioDataRegs
00006fe0     1bf (00006fc0)     _GpioIntRegs

00007010     1c0 (00007000)     _SysCtrlRegs

00007070     1c1 (00007040)     _XIntruptRegs

00007900     1e4 (00007900)     _I2caRegs

0000c000     300 (0000c000)     _ApplicationMode
0000c001     300 (0000c000)     _ReadyList1
0000c002     300 (0000c000)     _ReadyList0
0000c003     300 (0000c000)     _ReadyList3
0000c004     300 (0000c000)     _ActualContext
0000c005     300 (0000c000)     _RunningTask
0000c006     300 (0000c000)     _ReadyList2
0000c007     300 (0000c000)     _Timer_A_Counters
0000c008     300 (0000c000)     _CountersVar
0000c00a     300 (0000c000)     _pRunningTask
0000c00c     300 (0000c000)     _ReadyVar
0000c014     300 (0000c000)     _AlarmsVar

0000c040     301 (0000c040)     _TasksVar

0000c080     302 (0000c080)     _TaskIdleStack

0000c0c0     303 (0000c0c0)     _TaskStack0

0000c1c0     307 (0000c1c0)     _TaskStack2

0000c2c0     30b (0000c2c0)     _SystemStack

0000c3c0     30f (0000c3c0)     _TaskStack1

0000cbc0     32f (0000cbc0)     _ISO2631_All_GenerationTemplat_P

0000cca8     332 (0000cc80)     _Z_axis
0000ccaa     332 (0000cc80)     _Y_axis
0000ccab     332 (0000cc80)     _X_axis
0000ccac     332 (0000cc80)     _Z_Data
0000ccae     332 (0000cc80)     _X_Data
0000ccb0     332 (0000cc80)     _Y_Data
0000ccb2     332 (0000cc80)     _CpuTimer2
0000ccba     332 (0000cc80)     ___TI_enable_exit_profile_output
0000ccbc     332 (0000cc80)     ___TI_cleanup_ptr
0000ccbe     332 (0000cc80)     ___TI_dtors_ptr

0000ccc0     333 (0000ccc0)     _pIn
0000ccc2     333 (0000ccc0)     _pOut
0000ccc4     333 (0000ccc0)     _OutputBuffer
0000ccd8     333 (0000ccc0)     _InputBuffer

0000cd00     334 (0000cd00)     _ISO2631_All_GenerationTem_DWork

0000cd50     335 (0000cd40)     __lock
0000cd52     335 (0000cd40)     __unlock

0000d000     340 (0000d000)     _PieVectTableInit

0000d100     344 (0000d100)     _TasksConst
0000d130     344 (0000d100)     _ReadyConst

0000d140     345 (0000d140)     _AlarmsConst
0000d14c     345 (0000d140)     _AutoStartAlarm
0000d158     345 (0000d140)     _CountersConst
0000d162     345 (0000d140)     _AutoStart
0000d166     345 (0000d140)     _AutoStartReadyList
0000d168     345 (0000d140)     _COUNTER_SYS_LIST


GLOBAL SYMBOLS: SORTED ALPHABETICALLY BY Name 

page  address   name                            
----  -------   ----                            
0     00009000  .text                           
0     00009998  C$$EXIT                         
0     000097d0  FS$$DIV                         
0     00009412  _ActivateTask                   
1     0000c004  _ActualContext                  
0     000093cc  _AddReady                       
1     0000d140  _AlarmsConst                    
1     0000c014  _AlarmsVar                      
1     0000c000  _ApplicationMode                
1     0000d162  _AutoStart                      
1     0000d14c  _AutoStartAlarm                 
1     0000d166  _AutoStartReadyList             
1     0000d168  _COUNTER_SYS_LIST               
0     00009691  _CancelAlarm                    
1     0000d158  _CountersConst                  
1     0000c008  _CountersVar                    
1     00000c00  _CpuTimer0Regs                  
1     00000c08  _CpuTimer1Regs                  
1     0000ccb2  _CpuTimer2                      
1     00000c10  _CpuTimer2Regs                  
0     00009a1c  _DEFAUTL_ISR                    
1     00000880  _DevEmuRegs                     
0     000091fd  _Dispatch                       
1     00000a80  _FlashRegs                      
0     00009676  _GetAlarm                       
0     0000964c  _GetAlarmBase                   
0     00009470  _GetNextTask                    
0     00009532  _GetTaskID                      
0     0000951f  _GetTaskState                   
1     00006f80  _GpioCtrlRegs                   
1     00006fc0  _GpioDataRegs                   
1     00006fe0  _GpioIntRegs                    
0     00009769  _I2C_Init                       
0     0000979a  _I2C_Read                       
0     0000977c  _I2C_Write                      
1     00007900  _I2caRegs                       
0     00009939  _IAdvanceCounter                
0     00009a25  _ILLEGAL_ISR                    
1     0000cd00  _ISO2631_All_GenerationTem_DWork
1     0000cbc0  _ISO2631_All_GenerationTemplat_P
0     0000953c  _IncrementAlarm                 
0     000098dc  _IncrementCounter               
0     00009253  _InitHW                         
0     00009740  _InitI2CGpio                    
1     0000ccd8  _InputBuffer                    
1     0000ccc4  _OutputBuffer                   
1     00000ce0  _PieCtrlRegs                    
1     00000d00  _PieVectTable                   
1     0000d000  _PieVectTableInit               
1     0000d130  _ReadyConst                     
1     0000c002  _ReadyList0                     
1     0000c001  _ReadyList1                     
1     0000c006  _ReadyList2                     
1     0000c003  _ReadyList3                     
1     0000c00c  _ReadyVar                       
0     0000949b  _RemoveTask                     
1     0000c005  _RunningTask                    
0     000096a9  _Schedule                       
0     00009615  _SetAbsAlarm                    
0     000095ed  _SetRelAlarm                    
0     00009268  _SetupTimerInterrupt            
0     00009007  _StartOS                        
0     000091fc  _StartupHook                    
1     00007010  _SysCtrlRegs                    
1     0000c2c0  _SystemStack                    
0     00009859  _TASK_ACC_code                  
0     000098c1  _TASK_ISO2631_code              
0     000098c4  _TASK_Init_code                 
1     0000c080  _TaskIdleStack                  
1     0000c0c0  _TaskStack0                     
1     0000c3c0  _TaskStack1                     
1     0000c1c0  _TaskStack2                     
0     00009858  _Task_IDLE_code                 
1     0000d100  _TasksConst                     
1     0000c040  _TasksVar                       
0     000094da  _TerminateTask                  
0     00009227  _TerminateTsk                   
1     0000c007  _Timer_A_Counters               
1     00007070  _XIntruptRegs                   
1     0000ccae  _X_Data                         
1     0000ccab  _X_axis                         
1     00000b20  _XintfRegs                      
1     0000ccb0  _Y_Data                         
1     0000ccaa  _Y_axis                         
1     0000ccac  _Z_Data                         
1     0000cca8  _Z_axis                         
1     00000700  __STACK_END                     
abs   00000300  __STACK_SIZE                    
1     0000ccbc  ___TI_cleanup_ptr               
1     0000ccbe  ___TI_dtors_ptr                 
1     0000ccba  ___TI_enable_exit_profile_output
abs   ffffffff  ___TI_pprof_out_hndl            
abs   ffffffff  ___TI_prof_data_size            
abs   ffffffff  ___TI_prof_data_start           
abs   ffffffff  ___binit__                      
abs   ffffffff  ___c_args__                     
0     00008000  ___cinit__                      
0     00009a3a  ___etext__                      
abs   ffffffff  ___pinit__                      
0     00009000  ___text__                       
0     00009a03  __args_main                     
1     0000cd50  __lock                          
0     00009a36  __nop                           
0     00009a32  __register_lock                 
0     00009a2e  __register_unlock               
1     00000400  __stack                         
0     00009a39  __system_post_cinit             
0     00009a37  __system_pre_init               
1     0000cd52  __unlock                        
0     00009998  _abort                          
0     00009942  _c_int00                        
0     000099c1  _copy_in                        
0     0000999a  _exit                           
0     00009000  _main                           
0     000099e5  _memcpy                         
0     00000050  _os_time_tick                   
1     0000ccc0  _pIn                            
1     0000ccc2  _pOut                           
1     0000c00a  _pRunningTask                   
abs   ffffffff  binit                           
0     00008000  cinit                           
0     00009a3a  etext                           
abs   ffffffff  pinit                           


GLOBAL SYMBOLS: SORTED BY Symbol Address 

page  address   name                            
----  -------   ----                            
0     00000050  _os_time_tick                   
0     00008000  ___cinit__                      
0     00008000  cinit                           
0     00009000  .text                           
0     00009000  ___text__                       
0     00009000  _main                           
0     00009007  _StartOS                        
0     000091fc  _StartupHook                    
0     000091fd  _Dispatch                       
0     00009227  _TerminateTsk                   
0     00009253  _InitHW                         
0     00009268  _SetupTimerInterrupt            
0     000093cc  _AddReady                       
0     00009412  _ActivateTask                   
0     00009470  _GetNextTask                    
0     0000949b  _RemoveTask                     
0     000094da  _TerminateTask                  
0     0000951f  _GetTaskState                   
0     00009532  _GetTaskID                      
0     0000953c  _IncrementAlarm                 
0     000095ed  _SetRelAlarm                    
0     00009615  _SetAbsAlarm                    
0     0000964c  _GetAlarmBase                   
0     00009676  _GetAlarm                       
0     00009691  _CancelAlarm                    
0     000096a9  _Schedule                       
0     00009740  _InitI2CGpio                    
0     00009769  _I2C_Init                       
0     0000977c  _I2C_Write                      
0     0000979a  _I2C_Read                       
0     000097d0  FS$$DIV                         
0     00009858  _Task_IDLE_code                 
0     00009859  _TASK_ACC_code                  
0     000098c1  _TASK_ISO2631_code              
0     000098c4  _TASK_Init_code                 
0     000098dc  _IncrementCounter               
0     00009939  _IAdvanceCounter                
0     00009942  _c_int00                        
0     00009998  C$$EXIT                         
0     00009998  _abort                          
0     0000999a  _exit                           
0     000099c1  _copy_in                        
0     000099e5  _memcpy                         
0     00009a03  __args_main                     
0     00009a1c  _DEFAUTL_ISR                    
0     00009a25  _ILLEGAL_ISR                    
0     00009a2e  __register_unlock               
0     00009a32  __register_lock                 
0     00009a36  __nop                           
0     00009a37  __system_pre_init               
0     00009a39  __system_post_cinit             
0     00009a3a  ___etext__                      
0     00009a3a  etext                           
1     00000400  __stack                         
1     00000700  __STACK_END                     
1     00000880  _DevEmuRegs                     
1     00000a80  _FlashRegs                      
1     00000b20  _XintfRegs                      
1     00000c00  _CpuTimer0Regs                  
1     00000c08  _CpuTimer1Regs                  
1     00000c10  _CpuTimer2Regs                  
1     00000ce0  _PieCtrlRegs                    
1     00000d00  _PieVectTable                   
1     00006f80  _GpioCtrlRegs                   
1     00006fc0  _GpioDataRegs                   
1     00006fe0  _GpioIntRegs                    
1     00007010  _SysCtrlRegs                    
1     00007070  _XIntruptRegs                   
1     00007900  _I2caRegs                       
1     0000c000  _ApplicationMode                
1     0000c001  _ReadyList1                     
1     0000c002  _ReadyList0                     
1     0000c003  _ReadyList3                     
1     0000c004  _ActualContext                  
1     0000c005  _RunningTask                    
1     0000c006  _ReadyList2                     
1     0000c007  _Timer_A_Counters               
1     0000c008  _CountersVar                    
1     0000c00a  _pRunningTask                   
1     0000c00c  _ReadyVar                       
1     0000c014  _AlarmsVar                      
1     0000c040  _TasksVar                       
1     0000c080  _TaskIdleStack                  
1     0000c0c0  _TaskStack0                     
1     0000c1c0  _TaskStack2                     
1     0000c2c0  _SystemStack                    
1     0000c3c0  _TaskStack1                     
1     0000cbc0  _ISO2631_All_GenerationTemplat_P
1     0000cca8  _Z_axis                         
1     0000ccaa  _Y_axis                         
1     0000ccab  _X_axis                         
1     0000ccac  _Z_Data                         
1     0000ccae  _X_Data                         
1     0000ccb0  _Y_Data                         
1     0000ccb2  _CpuTimer2                      
1     0000ccba  ___TI_enable_exit_profile_output
1     0000ccbc  ___TI_cleanup_ptr               
1     0000ccbe  ___TI_dtors_ptr                 
1     0000ccc0  _pIn                            
1     0000ccc2  _pOut                           
1     0000ccc4  _OutputBuffer                   
1     0000ccd8  _InputBuffer                    
1     0000cd00  _ISO2631_All_GenerationTem_DWork
1     0000cd50  __lock                          
1     0000cd52  __unlock                        
1     0000d000  _PieVectTableInit               
1     0000d100  _TasksConst                     
1     0000d130  _ReadyConst                     
1     0000d140  _AlarmsConst                    
1     0000d14c  _AutoStartAlarm                 
1     0000d158  _CountersConst                  
1     0000d162  _AutoStart                      
1     0000d166  _AutoStartReadyList             
1     0000d168  _COUNTER_SYS_LIST               
abs   00000300  __STACK_SIZE                    
abs   ffffffff  ___TI_pprof_out_hndl            
abs   ffffffff  ___TI_prof_data_size            
abs   ffffffff  ___TI_prof_data_start           
abs   ffffffff  ___binit__                      
abs   ffffffff  ___c_args__                     
abs   ffffffff  ___pinit__                      
abs   ffffffff  binit                           
abs   ffffffff  pinit                           

[123 symbols]
